BrzActiveEagerFalseVariable_1_1_s0_
BrzActiveEagerFalseVariable_1_2_s0_
BrzActiveEagerFalseVariable_1_3_s0_
BrzActiveEagerFalseVariable_1_4_s0_
BrzActiveEagerFalseVariable_1_5_s0_
BrzActiveEagerFalseVariable_1_6_s0_
BrzActiveEagerFalseVariable_1_10_s0_
BrzActiveEagerFalseVariable_1_24_s0_
BrzActiveEagerFalseVariable_1_25_s0_
BrzActiveEagerFalseVariable_2_1_s0_
BrzActiveEagerFalseVariable_2_2_s0_
BrzActiveEagerFalseVariable_2_2_s19_0_2e_2_m1m
BrzActiveEagerFalseVariable_2_5_s0_
BrzActiveEagerFalseVariable_2_10_s53_1_2e__m2m
BrzActiveEagerFalseVariable_3_1_s0_
BrzActiveEagerFalseVariable_3_2_s0_
BrzActiveEagerFalseVariable_3_3_s0_
BrzActiveEagerFalseVariable_3_3_s19_0_2e_2_m3m
BrzActiveEagerFalseVariable_3_3_s30_0_2e_2_m4m
BrzActiveEagerFalseVariable_3_3_s8_1_2e_2e_m5m
BrzActiveEagerFalseVariable_3_3_s22__3b2_2_m6m
BrzActiveEagerFalseVariable_3_4_s0_
BrzActiveEagerFalseVariable_3_5_s0_
BrzActiveEagerFalseVariable_4_1_s0_
BrzActiveEagerFalseVariable_4_2_s0_
BrzActiveEagerFalseVariable_4_2_s19_1_2e_2_m7m
BrzActiveEagerFalseVariable_4_2_s19_2_2e_2_m8m
BrzActiveEagerFalseVariable_4_2_s11__3b0_2_m9m
BrzActiveEagerFalseVariable_4_3_s0_
BrzActiveEagerFalseVariable_4_4_s0_
BrzActiveEagerFalseVariable_4_4_s8_0_2e_2e_m10m
BrzActiveEagerFalseVariable_4_5_s0_
BrzActiveEagerFalseVariable_4_13_s0_
BrzActiveEagerFalseVariable_5_1_s0_
BrzActiveEagerFalseVariable_5_1_s8_0_2e_2e_m11m
BrzActiveEagerFalseVariable_5_5_s52_0_2e_2_m12m
BrzActiveEagerFalseVariable_5_6_s63_0_2e_2_m13m
BrzActiveEagerFalseVariable_6_6_s63_0_2e_2_m14m
BrzActiveEagerFalseVariable_6_45_s492_0_2e_m15m
BrzActiveEagerFalseVariable_7_1_s0_
BrzActiveEagerFalseVariable_7_1_s8_0_2e_2e_m16m
BrzActiveEagerFalseVariable_7_2_s0_
BrzActiveEagerFalseVariable_7_2_s19_0_2e_2_m17m
BrzActiveEagerFalseVariable_7_4_s22_0_2e_2_m18m
BrzActiveEagerFalseVariable_12_1_s0_
BrzActiveEagerFalseVariable_16_2_s0_
BrzActiveEagerFalseVariable_16_16_s185_0_2_m19m
BrzActiveEagerFalseVariable_20_3_s32_0_2e__m20m
BrzActiveEagerFalseVariable_25_3_s36_22_2e_m21m
BrzActiveEagerFalseVariable_25_4_s48_0_2e__m22m
BrzActiveEagerFalseVariable_25_4_s48_20_2e_m23m
BrzActiveEagerFalseVariable_25_8_s98_22_2e_m24m
BrzActiveEagerFalseVariable_25_10_s119_22__m25m
BrzActiveEagerFalseVariable_25_25_s319_8_2_m26m
BrzActiveEagerFalseVariable_25_31_s385_5_2_m27m
BrzActiveEagerFalseVariable_25_31_s385_5_2_m28m
BrzActiveEagerFalseVariable_25_46_s590_21__m29m
BrzActiveEagerFalseVariable_25_47_s607_12__m30m
BrzActiveEagerFalseVariable_25_52_s656_12__m31m
BrzActiveEagerFalseVariable_25_55_s695_5_2_m32m
BrzActiveEagerFalseVariable_25_57_s710_12__m33m
BrzActiveEagerFalseVariable_32_1_s0_
BrzActiveEagerFalseVariable_32_2_s0_
BrzActiveEagerFalseVariable_32_2_s11__3b0__m34m
BrzActiveEagerFalseVariable_32_3_s0_
BrzActiveEagerFalseVariable_32_3_s32_0_2e__m35m
BrzActiveEagerFalseVariable_32_3_s13__3b31_m36m
BrzActiveEagerFalseVariable_32_4_s41_0_2e__m37m
BrzActiveEagerFalseVariable_32_5_s22__3b_3_m38m
BrzActiveEagerFalseVariable_32_6_s0_
BrzActiveEagerFalseVariable_32_6_s25__3b_3_m39m
BrzActiveEagerFalseVariable_32_11_s118_1_2_m40m
BrzActiveEagerFalseVariable_32_11_s128_16__m41m
BrzActiveEagerFalseVariable_32_11_s118_2_2_m42m
BrzActiveEagerFalseVariable_32_11_s118_4_2_m43m
BrzActiveEagerFalseVariable_32_11_s118_8_2_m44m
BrzActiveEagerFalseVariable_32_18_s218_0_2_m45m
BrzActiveEagerFalseVariable_32_38_s442_16__m46m
BrzActiveEagerFalseVariable_33_6_s73_0_2e__m47m
BrzActiveEagerFalseVariable_34_2_s22_1_2e__m48m
BrzActiveEagerFalseVariable_35_1_s0_
BrzActiveEagerFalseVariable_35_2_s20_3_2e__m49m
BrzActiveEagerFalseVariable_35_2_s11__3b0__m50m
BrzActiveEagerFalseVariable_35_7_s63__3b0__m51m
BrzActiveEagerFalseVariable_36_2_s11__3b0__m52m
BrzActiveEagerNullAdapt_1
BrzActiveEagerNullAdapt_3
BrzActiveEagerNullAdapt_4
BrzActiveEagerNullAdapt_7
BrzActiveEagerNullAdapt_25
BrzActiveEagerNullAdapt_32
BrzAdapt_2_1_s5_false_s5_false
BrzAdapt_2_1_s4_true_s4_true
BrzAdapt_3_1_s5_false_s5_false
BrzAdapt_3_2_s5_false_s5_false
BrzAdapt_4_1_s4_true_s4_true
BrzAdapt_4_2_s5_false_s5_false
BrzAdapt_5_32_s5_false_s5_false
BrzAdapt_8_1_s4_true_s4_true
BrzAdapt_10_9_s5_false_s5_false
BrzAdapt_16_1_s4_true_s4_true
BrzAdapt_32_6_s5_false_s5_false
BrzAdapt_32_8_s5_false_s5_false
BrzAdapt_32_8_s4_true_s4_true
BrzAdapt_32_12_s5_false_s5_false
BrzAdapt_32_16_s5_false_s5_false
BrzAdapt_32_16_s4_true_s4_true
BrzAdapt_32_26_s4_true_s4_true
BrzAdapt_32_35_s5_false_s5_false
BrzAdapt_35_4_s4_true_s4_true
BrzAdapt_35_32_s5_false_s5_false
BrzAdapt_35_32_s4_true_s4_true
BrzAdapt_36_33_s5_false_s5_false
BrzAdapt_36_33_s4_true_s4_true
BrzAdapt_36_35_s5_false_s5_false
BrzArbiter
BrzBinaryFunc_1_1_1_s3_And_s5_false_s5_fal_m53m
BrzBinaryFunc_1_1_1_s6_Equals_s5_false_s5__m54m
BrzBinaryFunc_1_1_1_s9_NotEquals_s5_false__m55m
BrzBinaryFunc_1_1_1_s2_Or_s5_false_s5_fals_m56m
BrzBinaryFunc_1_1_1_s3_Xor_s5_false_s5_fal_m57m
BrzBinaryFunc_2_1_1_s3_Add_s5_false_s5_fal_m58m
BrzBinaryFunc_3_2_2_s3_Add_s5_false_s5_fal_m59m
BrzBinaryFunc_4_3_3_s3_Add_s5_false_s5_fal_m60m
BrzBinaryFunc_5_4_4_s3_Add_s5_false_s5_fal_m61m
BrzBinaryFunc_16_16_16_s3_And_s5_false_s5__m62m
BrzBinaryFunc_32_32_32_s3_And_s5_false_s5__m63m
BrzBinaryFunc_32_32_32_s2_Or_s5_false_s5_f_m64m
BrzBinaryFunc_32_32_32_s3_Xor_s5_false_s5__m65m
BrzBinaryFunc_34_33_33_s3_Add_s5_false_s5__m66m
BrzBinaryFunc_35_35_35_s3_And_s5_false_s5__m67m
BrzBinaryFunc_35_35_35_s2_Or_s5_false_s5_f_m68m
BrzBinaryFunc_35_35_35_s3_Xor_s5_false_s5__m69m
BrzBinaryFuncConstR_1_2_2_s6_Equals_s5_fal_m70m
BrzBinaryFuncConstR_1_3_1_s9_NotEquals_s5__m71m
BrzBinaryFuncConstR_1_32_1_s6_Equals_s5_fa_m72m
BrzBinaryFuncConstR_32_32_3_s3_Add_s5_fals_m73m
BrzBinaryFuncConstR_32_32_4_s3_Add_s5_fals_m74m
BrzCall_2
BrzCall_3
BrzCall_12
BrzCallDemux_1_2
BrzCallDemux_1_3
BrzCallDemux_1_5
BrzCallDemux_3_14
BrzCallDemux_4_2
BrzCallDemux_4_3
BrzCallDemux_4_7
BrzCallDemux_7_2
BrzCallDemux_7_5
BrzCallDemux_25_14
BrzCallDemux_32_2
BrzCallDemux_32_3
BrzCallMux_1_2
BrzCallMux_1_3
BrzCallMux_1_5
BrzCallMux_1_6
BrzCallMux_1_8
BrzCallMux_2_2
BrzCallMux_2_3
BrzCallMux_2_4
BrzCallMux_3_2
BrzCallMux_3_4
BrzCallMux_3_5
BrzCallMux_3_7
BrzCallMux_3_9
BrzCallMux_4_2
BrzCallMux_4_4
BrzCallMux_4_5
BrzCallMux_4_7
BrzCallMux_4_9
BrzCallMux_4_13
BrzCallMux_5_2
BrzCallMux_5_4
BrzCallMux_5_9
BrzCallMux_7_2
BrzCallMux_7_4
BrzCallMux_7_10
BrzCallMux_10_2
BrzCallMux_16_2
BrzCallMux_32_2
BrzCallMux_32_3
BrzCallMux_32_5
BrzCallMux_32_7
BrzCallMux_32_8
BrzCallMux_33_5
BrzCallMux_35_2
BrzCallMux_35_9
BrzCallMux_36_2
BrzCase_1_1_s1_1
BrzCase_1_2_s5_0_3b1
BrzCase_2_2_s9_0m2_3b1m2
BrzCase_2_2_s11_2m1_2c0_3b1
BrzCase_2_2_s11_3_2c0m1_3b2
BrzCase_2_2_s11_3_2c0m2_3b1
BrzCase_2_2_s13_3_2c2_2c0_3b1
BrzCase_2_3_s11_0_3b1_3b2m1
BrzCase_2_3_s13_0_3b2_2c1_3b3
BrzCase_2_3_s11_0m1_3b2_3b3
BrzCase_2_3_s13_3_2c0_3b1_3b2
BrzCase_2_4_s13_0_3b1_3b2_3b3
BrzCase_2_4_s13_2_3b0_3b1_3b3
BrzCase_3_2_s19_0m6_2c1_2c3_3b7_2c5
BrzCase_3_2_s9_0m6_3b1m6
BrzCase_3_2_s19_1_2c0m4_3b2m5_2c5m2
BrzCase_3_2_s25_1_2c3m4_2c2m4_3b5_2c4_2c0
BrzCase_3_2_s19_1m6_2c0_2c2_3b6_2c4
BrzCase_3_2_s17_2_2c0m4_2c1m6_3b6
BrzCase_3_2_s19_3_2c0m6_3b7_2c5_2c1
BrzCase_3_2_s19_3_2c2m4_3b0m5_2c5m2
BrzCase_3_2_s15_4m1_2c2m5_3b0m1
BrzCase_3_2_s23_7_2c1m4_2c0m4_3b6_2c2m1
BrzCase_3_3_s29_1_2c3_2c0_2c2_3b7_2c5_3b6__m75m
BrzCase_3_3_s19_3_2c0m6_3b7_2c5_3b1
BrzCase_3_3_s15_4m2_3b5m2_3b0m3
BrzCase_3_3_s17_7_3b6_2c2m1_3b0m5
BrzCase_3_4_s17_0m4_3b2m5_3b1_3b5
BrzCase_3_4_s27_7_2c5_2c4_2c2m4_3b0_3b1_3b_m76m
BrzCase_3_5_s19_0m3_3b4_3b5_3b6_3b7
BrzCase_3_6_s27_4_2c2m4_3b0_3b1_3b3_3b5_3b_m77m
BrzCase_3_6_s21_6_3b5_3b4_3b3_3b2_3b1
BrzCase_3_7_s27_2m4_3b0_3b1_3b3_3b4_3b5_3b_m78m
BrzCase_3_7_s25_6_3b5_3b4_3b3_3b2_3b1_3b0
BrzCase_3_8_s29_0_3b1_3b2_3b3_3b4_3b5_3b6__m79m
BrzCase_4_2_s44_0m12_2c7_2c3m8_2c1m12_3b10_m80m
BrzCase_4_2_s29_0m14_2c1m12_2c11_2c15_3b7__m81m
BrzCase_4_2_s63_14_2c0m8_2c12_2c1m8_2c13_2_m82m
BrzCase_4_2_s26_7_2c3m8_2c1m12_2c0m14_3b15
BrzCase_4_2_s23_7m8_2c1m12_2c0m14_3b3m8
BrzCase_4_2_s25_8_2c4m8_2c2m12_2c1m14_3b0
BrzCase_4_3_s37_0m8_3b4_2c2m4_2c1m6_3b12_2_m83m
BrzCase_4_3_s34_12m3_2c0m10_2c9_2c11_3b3_2_m84m
BrzCase_4_3_s26_1_3b3_3b4m11_2c8m7_2c2_2c0
BrzCase_4_3_s27_2m13_3b1_3b8m5_2c4m9_2c0m1_m85m
BrzCase_4_4_s63_15_2c13_2c1m8_2c14_2c0m8_2_m86m
BrzCase_4_5_s29_0m7_3b8m3_3b12_3b14_3b15_2_m87m
BrzCase_4_5_s67_7_2c6_2c5_2c11_2c4_2c10_2c_m88m
BrzCase_4_6_s31_0m14_3b1_3b3_3b5m2_3b9m2_3_m89m
BrzCase_4_6_s31_1m14_3b0_3b2_3b4m2_3b8m2_3_m90m
BrzCase_4_7_s38_12_3b0m4_3b8_3b5m8_3b1m8_3_m91m
BrzCase_4_8_s42_0_3b8_3b1m8_3b2m8_3b4m8_3b_m92m
BrzCase_4_9_s67_15_2c0_3b2_2c1_3b4_2c3_3b6_m93m
BrzCase_5_2_s37_0m14_2c0m13_2c0m11_2c0m7_3_m94m
BrzCase_5_2_s37_0m30_2c31_3b1m28_2c1m26_2c_m95m
BrzCase_5_2_s34_16_2c8m16_2c4m24_2c2m28_2c_m96m
BrzCase_5_2_s40_16m14_2c16m13_2c16m11_2c16_m97m
BrzCase_5_2_s60_1m12_2c7_2c15m16_2c3m8_2c0_m98m
BrzCase_5_2_s40_31_3b16m14_2c16m13_2c16m11_m99m
BrzCase_5_3_s40_0m15_3b31_3b16m14_2c16m13__m100m
BrzCase_5_3_s37_0m30_3b1m28_2c1m26_2c1m22__m101m
BrzCase_5_3_s40_16m14_2c16m13_2c16m11_2c16_m102m
BrzCase_5_8_s105_11_2c3_2c15_2c7_2c1_2c9m1_m103m
BrzCase_5_32_s147_31_3b30_3b29_3b28_3b27_3_m104m
BrzCase_6_2_s43_29_2c13m32_2c5m48_2c1m56_2_m105m
BrzCase_7_2_s68_96m31_2c80m15_2c32m31_2c16_m106m
BrzCase_7_7_s144_0m15_2c72m52_2c72m51_2c40_m107m
BrzCase_8_2_s83_0m126_2c0m125_2c0m123_2c0m_m108m
BrzCase_8_2_s126_0m252_2c1m248_2c13m240_2c_m109m
BrzCase_8_3_s110_15m240_3b128m62_2c128m61__m110m
BrzCase_8_4_s210_7m224_2c23m192_2c55m128_2_m111m
BrzCase_9_3_s137_320m31_2c256m63_2c128m127_m112m
BrzCase_9_13_s338_1m482_3b20m480_2c28m481__m113m
BrzCase_10_2_s1817_63m960_2c125m896_2c189m_m114m
BrzCase_10_3_s309_457m36_2c201m548_2c73m80_m115m
BrzCase_10_3_s179_970m32_2c17m1004_2c1m508_m116m
BrzCase_11_3_s126_256m255_3b768m255_2c160m_m117m
BrzCase_12_14_s207_8m502_2c16m494_2c128m38_m118m
BrzCase_16_2_s184_32768_2c16384m32768_2c81_m119m
BrzCase_16_17_s184_0_3b1m65534_3b2m65532_3_m120m
BrzCaseFetch_4_3_7_s25_6_3b5_3b4_3b3_3b2_3_m121m
BrzCaseFetch_7_3_6_s21_6_3b5_3b4_3b3_3b2_3_m122m
BrzCaseFetch_8_2_4_s13_3_3b2_3b1_3b0
BrzCaseFetch_16_1_2_s5_1_3b0
BrzCaseFetch_32_5_32_s147_31_3b30_3b29_3b2_m123m
BrzCombine_2_1_1
BrzCombine_3_1_2
BrzCombine_3_2_1
BrzCombine_4_2_2
BrzCombine_4_3_1
BrzCombine_5_1_4
BrzCombine_5_2_3
BrzCombine_5_3_2
BrzCombine_5_4_1
BrzCombine_6_2_4
BrzCombine_6_4_2
BrzCombine_6_5_1
BrzCombine_7_4_3
BrzCombine_8_4_4
BrzCombine_8_5_3
BrzCombine_9_4_5
BrzCombine_9_5_4
BrzCombine_10_4_6
BrzCombine_10_6_4
BrzCombine_10_8_2
BrzCombine_11_6_5
BrzCombine_12_4_8
BrzCombine_24_20_4
BrzCombine_26_2_24
BrzCombine_32_1_31
BrzCombine_32_2_30
BrzCombine_32_4_28
BrzCombine_32_8_24
BrzCombine_32_16_16
BrzCombine_32_24_8
BrzCombine_32_28_4
BrzCombine_32_30_2
BrzCombine_32_31_1
BrzCombine_33_1_32
BrzCombine_33_32_1
BrzCombine_35_1_34
BrzCombine_35_2_33
BrzCombine_35_32_3
BrzCombine_35_33_2
BrzCombine_38_33_5
BrzCombineEqual_2_1_2
BrzCombineEqual_3_1_3
BrzCombineEqual_4_1_4
BrzCombineEqual_4_2_2
BrzCombineEqual_8_4_2
BrzCombineEqual_32_8_4
BrzConcur_2
BrzConcur_3
BrzConcur_4
BrzConcur_5
BrzConcur_6
BrzConcur_8
BrzConcur_9
BrzConcur_14
BrzConcur_15
BrzConcur_19
BrzConcur_23
BrzConcur_24
BrzConcur_26
BrzConcur_28
BrzConcur_30
BrzConcur_35
BrzConcur_37
BrzConcur_38
BrzConcur_45
BrzConstant_1_0
BrzConstant_1_1
BrzConstant_2_0
BrzConstant_2_2
BrzConstant_3_2
BrzConstant_4_0
BrzConstant_4_1
BrzConstant_4_2
BrzConstant_4_15
BrzConstant_6_0
BrzConstant_7_76
BrzConstant_7_100
BrzConstant_7_108
BrzConstant_8_0
BrzConstant_10_511
BrzConstant_16_0
BrzConstant_16_65535
BrzConstant_20_0
BrzConstant_32_0
BrzConstant_33_0
BrzConstant_35_0
BrzConstant_36_0
BrzContinue
BrzContinuePush_1
BrzDecisionWait_2
BrzEncode_1_2_s5_0_3b0
BrzEncode_1_2_s5_0_3b1
BrzEncode_1_2_s5_1_3b0
BrzEncode_1_4_s13_1_3b0_3b1_3b0
BrzEncode_1_5_s17_0_3b0_3b0_3b0_3b1
BrzEncode_1_5_s17_1_3b1_3b0_3b0_3b0
BrzEncode_1_8_s29_0_3b0_3b0_3b0_3b0_3b1_3b_m124m
BrzEncode_1_8_s29_1_3b1_3b1_3b1_3b1_3b1_3b_m125m
BrzEncode_1_10_s37_0_3b1_3b1_3b1_3b0_3b0_3_m126m
BrzEncode_1_11_s41_0_3b0_3b0_3b0_3b0_3b0_3_m127m
BrzEncode_1_13_s49_0_3b0_3b0_3b0_3b0_3b0_3_m128m
BrzEncode_1_15_s57_0_3b1_3b1_3b0_3b0_3b0_3_m129m
BrzEncode_1_16_s61_0_3b0_3b0_3b0_3b0_3b0_3_m130m
BrzEncode_1_16_s61_0_3b0_3b0_3b0_3b0_3b0_3_m131m
BrzEncode_1_16_s61_0_3b0_3b0_3b0_3b0_3b1_3_m132m
BrzEncode_1_18_s69_0_3b1_3b1_3b1_3b0_3b0_3_m133m
BrzEncode_1_21_s81_0_3b0_3b0_3b0_3b0_3b0_3_m134m
BrzEncode_1_21_s81_0_3b1_3b0_3b0_3b0_3b0_3_m135m
BrzEncode_1_22_s85_0_3b0_3b1_3b0_3b0_3b0_3_m136m
BrzEncode_1_23_s89_0_3b0_3b0_3b1_3b1_3b0_3_m137m
BrzEncode_1_25_s97_0_3b0_3b0_3b0_3b0_3b1_3_m138m
BrzEncode_2_2_s5_2_3b1
BrzEncode_2_2_s5_3_3b3
BrzEncode_2_3_s9_0_3b2_3b1
BrzEncode_2_3_s9_1_3b0_3b3
BrzEncode_2_7_s25_0_3b3_3b3_3b3_3b3_3b3_3b_m139m
BrzEncode_2_13_s49_0_3b0_3b1_3b1_3b1_3b1_3_m140m
BrzEncode_2_13_s49_3_3b3_3b1_3b1_3b0_3b1_3_m141m
BrzEncode_2_15_s57_1_3b0_3b3_3b3_3b3_3b1_3_m142m
BrzEncode_2_17_s65_3_3b3_3b3_3b2_3b0_3b1_3_m143m
BrzEncode_2_18_s69_1_3b3_3b0_3b0_3b0_3b0_3_m144m
BrzEncode_2_19_s73_0_3b0_3b0_3b0_3b0_3b1_3_m145m
BrzEncode_2_24_s93_1_3b1_3b1_3b1_3b0_3b1_3_m146m
BrzEncode_2_31_s121_3_3b2_3b2_3b0_3b2_3b2__m147m
BrzEncode_3_3_s9_7_3b5_3b0
BrzEncode_3_7_s25_2_3b2_3b2_3b2_3b2_3b1_3b_m148m
BrzEncode_3_12_s45_1_3b1_3b1_3b1_3b3_3b1_3_m149m
BrzEncode_3_12_s45_3_3b3_3b6_3b4_3b0_3b2_3_m150m
BrzEncode_3_13_s49_0_3b0_3b0_3b0_3b0_3b0_3_m151m
BrzEncode_4_2_s7_14_3b14
BrzEncode_4_2_s5_1_3b0
BrzEncode_4_8_s33_14_3b13_3b12_3b10_3b9_3b_m152m
BrzEncode_4_15_s60_13_3b13_3b13_3b4_3b2_3b_m153m
BrzEncode_5_4_s17_31_3b23_3b20_3b19
BrzEncode_5_7_s32_27_3b23_3b19_3b18_3b17_3_m154m
BrzEncode_6_39_s160_32_3b32_3b4_3b4_3b5_3b_m155m
BrzEncode_20_17_s158_15_3b524302_3b786445__m156m
BrzEncode_32_2_s5_8_3b4
BrzFalseVariable_1_1_s0_
BrzFalseVariable_4_7_s0_
BrzFalseVariable_5_1_s0_
BrzFalseVariable_7_6_s0_
BrzFalseVariable_32_1_s0_
BrzFalseVariable_32_32_s0_
BrzFalseVariable_33_1_s0_
BrzFalseVariable_35_3_s0_
BrzFetch_1_s5_false
BrzFetch_1_s4_true
BrzFetch_2_s5_false
BrzFetch_3_s5_false
BrzFetch_4_s5_false
BrzFetch_5_s5_false
BrzFetch_5_s4_true
BrzFetch_6_s5_false
BrzFetch_7_s5_false
BrzFetch_7_s4_true
BrzFetch_8_s5_false
BrzFetch_9_s5_false
BrzFetch_10_s5_false
BrzFetch_11_s5_false
BrzFetch_12_s5_false
BrzFetch_16_s5_false
BrzFetch_25_s5_false
BrzFetch_32_s5_false
BrzFetch_32_s4_true
BrzFetch_33_s5_false
BrzFetch_34_s5_false
BrzFetch_35_s5_false
BrzFetch_35_s4_true
BrzFetch_36_s5_false
BrzFetch_38_s5_false
BrzFork_2
BrzFork_3
BrzFork_4
BrzFork_5
BrzFork_6
BrzLoop
BrzNullAdapt_1
BrzNullAdapt_4
BrzNullAdapt_32
BrzPassivatorPush_1_1
BrzPassivatorPush_2_1
BrzPassivatorPush_3_1
BrzPassivatorPush_4_1
BrzPassivatorPush_5_1
BrzPassivatorPush_6_1
BrzPassivatorPush_7_1
BrzPassivatorPush_12_1
BrzPassivatorPush_16_1
BrzPassivatorPush_20_1
BrzPassivatorPush_25_1
BrzPassivatorPush_32_1
BrzPassivatorPush_33_1
BrzPassivatorPush_34_1
BrzPassivatorPush_35_1
BrzPassivatorPush_36_1
BrzSequence_2_s1_S
BrzSequence_2_s1_T
BrzSequence_3_s2_ST
BrzSequence_6_s5_STSSS
BrzSlice_3_7_0
BrzSlice_33_34_1
BrzSynch_2
BrzSynch_3
BrzSynch_4
BrzSynch_5
BrzSynch_6
BrzUnaryFunc_1_1_s6_Invert_s5_false
BrzUnaryFunc_3_3_s6_Invert_s5_false
BrzUnaryFunc_32_32_s6_Invert_s5_false
BrzUnaryFunc_35_35_s6_Invert_s5_false
BrzVariable_1_1_s0_
BrzVariable_1_2_s0_
BrzVariable_1_3_s0_
BrzVariable_1_5_s0_
BrzVariable_1_21_s0_
BrzVariable_2_1_s0_
BrzVariable_3_1_s0_
BrzVariable_4_1_s0_
BrzVariable_4_2_s0_
BrzVariable_4_3_s8_3_2e_2e3
BrzVariable_4_9_s58__3b_3b1_2e_2e1_3b0_2e__m157m
BrzVariable_5_1_s0_
BrzVariable_6_1_s0_
BrzVariable_7_1_s0_
BrzVariable_7_2_s8_3_2e_2e3
BrzVariable_7_3_s22__3b0_2e_2e2_3b0_2e_2e2
BrzVariable_7_6_s0_
BrzVariable_7_23_s175_0_2e_2e2_3b3_2e_2e3__m158m
BrzVariable_10_1_s0_
BrzVariable_10_2_s19_0_2e_2e0_3b1_2e_2e9
BrzVariable_16_1_s0_
BrzVariable_32_1_s0_
BrzVariable_32_2_s0_
BrzVariable_32_3_s0_
BrzVariable_32_3_s16__3b_3b31_2e_2e31
BrzVariable_35_1_s0_
BrzVariable_35_2_s0_
BrzVariable_35_2_s12__3b0_2e_2e30
BrzVariable_35_4_s47_2_2e_2e34_3b34_2e_2e3_m159m
BrzVariable_36_1_s9_3_2e_2e34
BrzVariable_36_2_s12__3b2_2e_2e33
BrzVariable_36_4_s36__3b0_2e_2e3_3b2_2e_2e_m160m
BrzWhile
BrzWireFork_2
BrzWireFork_3
BrzWireFork_4
BrzWireFork_5
BrzWireFork_6
BrzWireFork_7
BrzWireFork_11
BrzWireFork_36
BrzWireFork_63
Balsa_coproIrqFiq
Balsa_pipeReg__mode
Balsa_pipeReg__Colour
Balsa_pipeReg__Address
Balsa_nanoRegBank
Balsa_doByPass
Balsa_bypassMul
Balsa_signAdj
Balsa_nanoMBoothR3rolled
Balsa_CPadder
Balsa_CSAdder__DP2
Balsa_nanoSpaMultiplier
Balsa_pipeReg__Datapath
Balsa_kmux3__Di1
Balsa_steerDi
Balsa_memDiReg
Balsa_selStop__MemCtrl
Balsa_selStop__Address
Balsa_selStop__Datapath
Balsa_memAccess
Balsa_mux3__memAddr
Balsa_mux3__Temp
Balsa_selFork__Datapath
Balsa_mux3__xPc
Balsa_mapRegister
Balsa_bankSelStop
Balsa_regWriteBack
Balsa_pipeReg__bit
Balsa_pipeReg__2bits
Balsa_pipeReg__3bits
Balsa_mux3__Datapath
Balsa_steerdLr
Balsa_steerMulpH
Balsa_steerAlu
Balsa_flags
Balsa_nanoAlu
Balsa_shiftStage1
Balsa_shiftStage2
Balsa_shiftStage4
Balsa_shiftStage8
Balsa_shiftStage16
Balsa_nanoShifter
Balsa_mux2__5bits
Balsa_mux3__bBus
Balsa_selForkSteer__Datapath
Balsa_mux3__aBus
Balsa_steerRds
Balsa_steerRdm
Balsa_steerPc
Balsa_mode
Balsa_modeUpd
Balsa_colour
Balsa_nanoExecuteControl
Balsa_nanoExecute
Balsa_pipeReg__mulType
Balsa_pipeReg__RegNum
Balsa_pipeReg__RegSpec
Balsa_pipeReg__cPcSelect
Balsa_pipeReg__mDiSelect
Balsa_pipeReg__tempSelect
Balsa_pipeReg__mcrSelect
Balsa_pipeReg__bBusSelect
Balsa_pipeReg__aBusSelect
Balsa_pipeReg__ConditionCode
Balsa_pipeReg__4bits
Balsa_pipeReg__MemCtrl
Balsa_pipeReg__memAddrSelect
Balsa_pipeReg__sabSelect
Balsa_pipeReg__PcSelect
Balsa_pipeReg__dLrSelect
Balsa_pipeReg__rdsSelect
Balsa_pipeReg__AluSelect
Balsa_pipeReg__AluCtrl
Balsa_pipeReg__5bits
Balsa_pipeReg__ShiftType
Balsa_lsmRegNums
Balsa_lsmCount
Balsa_lsmControl
Balsa_decodeCore
Balsa_nanoDecode
Balsa_pipeReg__Instruction
Balsa_nanoFetch
Balsa_nanoSpaHarvard
Balsa___spaHarvard__V5T
